<html>

<head>
  <meta content="text/html; charset=utf8" http-equiv="Content-Type"/>
   
  <title>Greene &amp; Greene Collection, Cordelia A. Culbertson House (Pasadena, Calif.). Fountain and Garden Urns: NODATE</title>

  <!--#include virtual="/cu/lweb/ssi/html_head/standard.relative.htm"-->

</head>

<body bgcolor="#ffffff" leftmargin="0" marginheight="0" marginwidth="0" topmargin="0">

<!--#include virtual="/cu/lweb/eresources/archives/avery/greene_new/includes/page_top.htm"-->

   <table border="0" cellpadding="4" cellspacing="0" width="100%">
      <tbody>
         <tr>
            <td>
               <h3 align="center"><a href="../index.html#">Series II:  Project Drawings</a></h3>
               <table cellpadding="1" cellspacing="0" width="100%">
                  <tr valign="top">
                     <td width="33"><i><a href="NYDA89-F564.html"><img align="top" border="0" src="/cu/lweb/images/general/arrow_blue_left2.gif"/></a></i></td>
                     <td width="287"><i><a class="caption11px" href="NYDA89-F564.html">Cordelia A. Culbertson House (Pasadena, Calif.). Lath House and Pergola[S]</a></i></td>
                     <td>&nbsp;</td>
                     <td align="right" width="287"><i><a class="caption11px" href="NYDA89-F748.html">Cordelia A. Culbertson House (Pasadena, Calif.). Wardrobe and Alterations to Grounds</a></i></td>
                     <td align="right" width="33"><i><a href="NYDA89-F564.html"><img align="top" border="0" src="/cu/lweb/images/general/arrow_blue_right2.gif"/></a></i></td>
                  </tr>
               </table>
               <hr noshade="yes" size="1"/><br/>
                              
                              
               <p>
                                    
                                    
                                    
                                    <b>Cordelia A. Culbertson House (Pasadena, Calif.). Fountain and Garden Urns</b><br/>
                                    
                                    <b>Fountain [and] garden urn[s] for Miss C.A. Culbertson, Pasadena, [Calif.] / Greene &amp; Greene, Architects.</b>
                                    
                                    1915
                                    
                                    
                                    
                                    
                                       
                                       4 drawings
                                       
                                       pencil on tracing paper
                                       
                                       72.5 x 96.5 cm. (28 5/8 x 38 in.) or smaller
                                    
                                    
                                 
                                 
               </p>
                              
                              
               <blockquote>
                                    
                                    Date from inventory.
                                 
                                 
               </blockquote>
                              
                              
               <blockquote>
                                    
                                    Job no. 339.
                                 
                                 
               </blockquote>
                              
                              
               <blockquote>
                                    
                                    Scale varies.
                                 
                                 
               </blockquote>
                              
                              
               <p>
                  <blockquote><span class="caption11px">
                                          
                                          <a name="d0e32858"></a><b>Index Terms</b><br/>
                                          
                                          
                                             
                                             
                                                
                                                <a name="d0e32865"></a><b>Subjects:</b>
                                                
                                                
                                                   
                                                   1.
                                                   
                                                   Houses.
                                                
                                                
                                                
                                                
                                                   
                                                   2.
                                                   
                                                   Gardens.
                                                
                                                
                                                
                                                
                                                   
                                                   3.
                                                   
                                                   Fountains.
                                                
                                                
                                                
                                                
                                                   
                                                   4.
                                                   
                                                   Cordelia A. Culbertson house (Pasadena, Calif.)
                                                
                                                
                                             
                                             
                                          
                                          
                                          
                                          
                                             
                                             
                                                
                                                <a name="d0e32910"></a><b>Geographic Names:</b>
                                                
                                                
                                                   
                                                   1.
                                                   
                                                   Pasadena (Calif.)
                                                
                                                
                                             
                                             
                                          
                                          
                                          
                                          
                                             
                                             
                                                
                                                <a name="d0e32928"></a><b>Genre/Media:</b>
                                                
                                                
                                                   
                                                   1.
                                                   
                                                   Detail drawings.
                                                
                                                
                                                
                                                
                                                   
                                                   2.
                                                   
                                                   Orthographic drawings.
                                                
                                                
                                                
                                                
                                                   
                                                   3.
                                                   
                                                   Pencil drawings.
                                                
                                                
                                             
                                             
                                          
                                          
                                          
                                          
                                             
                                             
                                                
                                                <a name="d0e32964"></a><b>Associated Names:</b>
                                                
                                                
                                                   
                                                   1.
                                                   
                                                   Culbertson, Cordelia A.
                                                
                                                
                                             
                                             
                                          
                                          
                                       
                                       </span></blockquote>
               </p>
                              
                              
               <blockquote>
                  <p><b>
                                          
                                          
                                             
                                             List of Drawings
                                          
                                          
                                       
                                       </b><a href="../../images/images_NYDA89-F301.html"><i>(View All Thumbnails)</i></a></p>
               </blockquote>
                              
                              
               <blockquote>
                                    
                                    
                  <p>
                                          
                                          1.
                                          
                                          NYDA.1960.001.00870.
                                          
                                          Fountain -- plan, section "A-A" : Sheet no. 1
                                          
                                          
                     
                                          
                                          
                                          
                                             
                                             "Note-tiles to be furnished in pieces as shown.  No cutting to be done".
                                          
                                          
                                       
                                        <a href="https://repository-cache.cul.columbia.edu/iiif/ldpd:288341/full/1200,/0/default.jpg">JPEG</a> | <a href="https://dlc.library.columbia.edu/catalog/ldpd:288341/details">Zoom</a></p>
                                 
                                 
               </blockquote>
                              
                              
               <blockquote>
                                    
                                    
                  <p>
                                          
                                          2.
                                          
                                          NYDA.1960.001.00871.
                                          
                                          F[ull] S[ize] D[etails] of fountain : Sheet #2
                                          
                                          
                     
                                          
                                       
                                        <a href="https://repository-cache.cul.columbia.edu/iiif/ldpd:289436/full/1200,/0/default.jpg">JPEG</a> | <a href="https://dlc.library.columbia.edu/catalog/ldpd:289436/details">Zoom</a></p>
                                 
                                 
               </blockquote>
                              
                              
               <blockquote>
                                    
                                    
                  <p>
                                          
                                          3.
                                          
                                          NYDA.1960.001.00872.
                                          
                                          F.S.D. of bird dish in fountain -- section [and] half plan of bird dish, part elev. of pedestal, plan of pedestal, part side
                     view [of dish] : Sheet #3
                                          
                                          
                     
                                          
                                       
                                        <a href="https://repository-cache.cul.columbia.edu/iiif/ldpd:289341/full/1200,/0/default.jpg">JPEG</a> | <a href="https://dlc.library.columbia.edu/catalog/ldpd:289341/details">Zoom</a></p>
                                 
                                 
               </blockquote>
                              
                              
               <blockquote>
                                    
                                    
                  <p>
                                          
                                          4.
                                          
                                          NYDA.1960.001.00873.
                                          
                                          [Elevation and] full size detail of garden urn
                                          
                                          
                     
                                          
                                          
                                          
                                             
                                             "Rough surface same as Steiger Pottery Co.'s number 126".
                                          
                                          
                                       
                                        <a href="https://repository-cache.cul.columbia.edu/iiif/ldpd:286821/full/1200,/0/default.jpg">JPEG</a> | <a href="https://dlc.library.columbia.edu/catalog/ldpd:286821/details">Zoom</a></p>
                                 
                                 
               </blockquote>
                           
                           
               <hr noshade="yes" size="1"/>
               <table cellpadding="1" cellspacing="0" width="100%">
                  <tr valign="top">
                     <td width="33"><i><a href="NYDA89-F564.html"><img align="top" border="0" src="/cu/lweb/images/general/arrow_blue_left2.gif"/></a></i></td>
                     <td width="287"><i><a class="caption11px" href="NYDA89-F564.html">Cordelia A. Culbertson House (Pasadena, Calif.). Lath House and Pergola[S]</a></i></td>
                     <td>&nbsp;</td>
                     <td align="right" width="287"><i><a class="caption11px" href="NYDA89-F748.html">Cordelia A. Culbertson House (Pasadena, Calif.). Wardrobe and Alterations to Grounds</a></i></td>
                     <td align="right" width="33"><i><a href="NYDA89-F564.html"><img align="top" border="0" src="/cu/lweb/images/general/arrow_blue_right2.gif"/></a></i></td>

                  </tr>
               </table>
            </td>
         </tr>
      </tbody>
   </table>

<!--#include virtual="/cu/lweb/eresources/archives/avery/greene_new/includes/page_bottom.htm"-->

</body>

</html>
